// Vitest Snapshot v1, https://vitest.dev/guide/snapshot.html

exports[`render test > render map 1`] = `
[
  [
    "",
    "",
    "­Ъфе",
    "­Ъфе",
    "­Ъфе",
    "",
    "",
    "",
  ],
  [
    "",
    "",
    "­Ъфе",
    "­Ъј»",
    "­Ъфе",
    "",
    "",
    "",
  ],
  [
    "",
    "",
    "­Ъфе",
    "",
    "­Ъфе",
    "­Ъфе",
    "­Ъфе",
    "­Ъфе",
  ],
  [
    "­Ъфе",
    "­Ъфе",
    "­Ъфе",
    "­ЪЊд",
    "­ЪџХРђЇРЎѓ№ИЈ",
    "­ЪЊд",
    "­Ъј»",
    "­Ъфе",
  ],
  [
    "­Ъфе",
    "­Ъј»",
    "",
    "­ЪЊд",
    "",
    "­Ъфе",
    "­Ъфе",
    "­Ъфе",
  ],
  [
    "­Ъфе",
    "­Ъфе",
    "­Ъфе",
    "­Ъфе",
    "­ЪЊд",
    "­Ъфе",
    "",
    "",
  ],
  [
    "",
    "",
    "",
    "­Ъфе",
    "­Ъј»",
    "­Ъфе",
    "",
    "",
  ],
  [
    "",
    "",
    "",
    "­Ъфе",
    "­Ъфе",
    "­Ъфе",
    "",
    "",
  ],
]
`;
